andr@andr-UX42VS:~/code/C++/LaplaceSolver$ g++ main.cpp mesh.cpp laplace.cpp 
andr@andr-UX42VS:~/code/C++/LaplaceSolver$ ./a.out 
Laplace Solver
10
Warning! Max Iterations in MRM solver!
Resudial: 251.317
Error: 0.0979248
andr@andr-UX42VS:~/code/C++/LaplaceSolver$ ./a.out 
Laplace Solver
100
Warning! Max Iterations in MRM solver!
Resudial: 58.8048
Error: 0.0125667
andr@andr-UX42VS:~/code/C++/LaplaceSolver$ ./a.out 
Laplace Solver
1000
Warning! Max Iterations in MRM solver!
Resudial: 12.7377
Error: 0.00260314
andr@andr-UX42VS:~/code/C++/LaplaceSolver$ ./a.out 
Laplace Solver
10000
Warning! Max Iterations in MRM solver!
Resudial: 2.35191
Error: 0.000447683
andr@andr-UX42VS:~/code/C++/LaplaceSolver$ ./a.out 
Laplace Solver
100000 
Warning! Max Iterations in MRM solver!
Resudial: 0.312015
Error: 2.84415e-05
andr@andr-UX42VS:~/code/C++/LaplaceSolver$ ./a.out 
Laplace Solver
1000000
Warning! Max Iterations in MRM solver!
Resudial: 0.0334569
Error: 2.87754e-05


